[2026-09-29 11:54:12] [INFO]: database connected
[2026-09-29 11:54:12] [INFO]: ==========================================
[2026-09-29 11:54:12] [INFO]: 🔄 Running Database Auto-Alter Check
[2026-09-29 11:54:12] [INFO]: ==========================================
[2026-09-29 11:54:13] [INFO]: ==========================================
[2026-09-29 11:54:13] [INFO]: ✅ Auto-Alter complete. Added: 0, Altered: 0
[2026-09-29 11:54:13] [INFO]: ==========================================
[2026-09-29 11:54:13] [INFO]: Database synced and tables auto-altered as per model schemas
[2026-09-29 11:54:13] [INFO]: Server is running on port 3300
[2026-09-29 11:54:14] [INFO]: ✅ SMTP SERVER READY
[2026-09-29 11:54:30] [ERROR]: Error: This is a test global error!
    at C:\Users\sahil\Downloads\Batohi_node\Batohi_node\batohi\app.js:138:9
    at Layer.handleRequest (C:\Users\sahil\Downloads\Batohi_node\Batohi_node\batohi\node_modules\router\lib\layer.js:152:17)
    at next (C:\Users\sahil\Downloads\Batohi_node\Batohi_node\batohi\node_modules\router\lib\route.js:157:13)
    at Route.dispatch (C:\Users\sahil\Downloads\Batohi_node\Batohi_node\batohi\node_modules\router\lib\route.js:117:3)
    at handle (C:\Users\sahil\Downloads\Batohi_node\Batohi_node\batohi\node_modules\router\index.js:435:11)
    at Layer.handleRequest (C:\Users\sahil\Downloads\Batohi_node\Batohi_node\batohi\node_modules\router\lib\layer.js:152:17)
    at C:\Users\sahil\Downloads\Batohi_node\Batohi_node\batohi\node_modules\router\index.js:295:15
    at processParams (C:\Users\sahil\Downloads\Batohi_node\Batohi_node\batohi\node_modules\router\index.js:582:12)
    at next (C:\Users\sahil\Downloads\Batohi_node\Batohi_node\batohi\node_modules\router\index.js:291:5)
    at Layer.handleRequest (C:\Users\sahil\Downloads\Batohi_node\Batohi_node\batohi\node_modules\router\lib\layer.js:147:12)
